src/components/common/Sidebar.tsx(133,49): error TS2345: Argument of type 'string | undefined' is not assignable to parameter of type 'string'.
  Type 'undefined' is not assignable to type 'string'.
src/RECOVERY_BACKUP/DashboardScreen.tsx(25,30): error TS2307: Cannot find module '../../store/authStore' or its corresponding type declarations.
src/RECOVERY_BACKUP/DashboardScreen.tsx(26,28): error TS2307: Cannot find module '../../services/api/jobs' or its corresponding type declarations.
src/RECOVERY_BACKUP/DashboardScreen.tsx(27,31): error TS2307: Cannot find module '../../services/api/social' or its corresponding type declarations.
src/RECOVERY_BACKUP/DashboardScreen.tsx(28,75): error TS2307: Cannot find module '../../components/ui' or its corresponding type declarations.
src/RECOVERY_BACKUP/DashboardScreen.tsx(29,26): error TS2307: Cannot find module '../../components/cards/PostCard' or its corresponding type declarations.
src/screens/jobSeeker/AppliedJobsScreen.tsx(102,77): error TS2769: No overload matches this call.
  Overload 1 of 2, '(props: RefreshControlProps): RefreshControl', gave the following error.
    Type '{ refreshing: boolean; onRefresh: () => Promise<void>; color: string; }' is not assignable to type 'IntrinsicAttributes & IntrinsicClassAttributes<RefreshControl> & Readonly<RefreshControlProps>'.
      Property 'color' does not exist on type 'IntrinsicAttributes & IntrinsicClassAttributes<RefreshControl> & Readonly<RefreshControlProps>'. Did you mean 'colors'?
  Overload 2 of 2, '(props: RefreshControlProps, context: any): RefreshControl', gave the following error.
    Type '{ refreshing: boolean; onRefresh: () => Promise<void>; color: string; }' is not assignable to type 'IntrinsicAttributes & IntrinsicClassAttributes<RefreshControl> & Readonly<RefreshControlProps>'.
      Property 'color' does not exist on type 'IntrinsicAttributes & IntrinsicClassAttributes<RefreshControl> & Readonly<RefreshControlProps>'. Did you mean 'colors'?
src/screens/jobSeeker/AppliedJobsScreen.tsx(107,40): error TS2322: Type 'string' is not assignable to type 'number'.
src/screens/jobSeeker/CompanyDetailScreen.tsx(34,35): error TS2322: Type 'string' is not assignable to type 'number'.
src/screens/jobSeeker/CompanyDetailScreen.tsx(34,49): error TS2322: Type 'string' is not assignable to type 'number'.
src/screens/jobSeeker/CompanyDetailScreen.tsx(34,68): error TS2322: Type 'string' is not assignable to type 'number'.
src/screens/jobSeeker/CompanyDetailScreen.tsx(35,48): error TS2322: Type 'string' is not assignable to type 'number'.
src/screens/jobSeeker/CompanyDetailScreen.tsx(40,42): error TS2322: Type '{ children: string; color: string; weight: string; }' is not assignable to type 'IntrinsicAttributes & TextProps'.
  Property 'weight' does not exist on type 'IntrinsicAttributes & TextProps'. Did you mean 'height'?
src/screens/jobSeeker/CompanyDetailScreen.tsx(45,19): error TS2322: Type '{ children: string; size: string; weight: string; }' is not assignable to type 'IntrinsicAttributes & TextProps'.
  Property 'size' does not exist on type 'IntrinsicAttributes & TextProps'.
src/screens/jobSeeker/CompanyDetailScreen.tsx(46,42): error TS2322: Type '{ children: string; color: string; weight: string; }' is not assignable to type 'IntrinsicAttributes & TextProps'.
  Property 'weight' does not exist on type 'IntrinsicAttributes & TextProps'. Did you mean 'height'?
src/screens/jobSeeker/CompanyDetailScreen.tsx(65,19): error TS2322: Type '{ children: string; size: string; weight: string; }' is not assignable to type 'IntrinsicAttributes & TextProps'.
  Property 'size' does not exist on type 'IntrinsicAttributes & TextProps'.
src/screens/jobSeeker/CompanyDetailScreen.tsx(71,21): error TS2322: Type '{ children: string; weight: string; color: string; }' is not assignable to type 'IntrinsicAttributes & TextProps'.
  Property 'weight' does not exist on type 'IntrinsicAttributes & TextProps'. Did you mean 'height'?
src/screens/jobSeeker/CompanyDetailScreen.tsx(72,21): error TS2322: Type '{ children: (string | number)[]; size: string; color: string; opacity: number; }' is not assignable to type 'IntrinsicAttributes & TextProps'.
  Property 'size' does not exist on type 'IntrinsicAttributes & TextProps'.
src/screens/jobSeeker/ProjectsScreen.tsx(31,15): error TS2322: Type '{ children: string; size: string; weight: string; }' is not assignable to type 'IntrinsicAttributes & TextProps'.
  Property 'size' does not exist on type 'IntrinsicAttributes & TextProps'.
src/screens/jobSeeker/ProjectsScreen.tsx(39,44): error TS2322: Type 'string' is not assignable to type 'number'.
src/screens/jobSeeker/ProjectsScreen.tsx(39,70): error TS2322: Type 'string' is not assignable to type 'number'.
src/screens/jobSeeker/ProjectsScreen.tsx(39,92): error TS2322: Type 'string' is not assignable to type 'number'.
src/screens/jobSeeker/ProjectsScreen.tsx(41,39): error TS2322: Type 'string' is not assignable to type 'number'.
src/screens/jobSeeker/ProjectsScreen.tsx(50,23): error TS2322: Type '{ children: string; weight: string; size: string; }' is not assignable to type 'IntrinsicAttributes & TextProps'.
  Property 'weight' does not exist on type 'IntrinsicAttributes & TextProps'. Did you mean 'height'?
src/screens/jobSeeker/ProjectsScreen.tsx(56,58): error TS2322: Type 'string' is not assignable to type 'number'.
src/screens/jobSeeker/ProjectsScreen.tsx(57,25): error TS2322: Type '{ children: string; size: string; color: string; }' is not assignable to type 'IntrinsicAttributes & TextProps'.
  Property 'size' does not exist on type 'IntrinsicAttributes & TextProps'.
src/screens/jobSeeker/PublicUserProfileScreen.tsx(34,42): error TS2322: Type '{ h: number; bg: string; opacity: number; }' is not assignable to type 'IntrinsicAttributes & BoxProps'.
  Property 'opacity' does not exist on type 'IntrinsicAttributes & BoxProps'.
src/screens/jobSeeker/PublicUserProfileScreen.tsx(39,21): error TS2322: Type '"2xl"' is not assignable to type 'number | "xs" | "sm" | "md" | "lg" | "xl" | undefined'.
src/screens/jobSeeker/PublicUserProfileScreen.tsx(40,19): error TS2322: Type '{ children: string; size: string; weight: string; mt: number; }' is not assignable to type 'IntrinsicAttributes & TextProps'.
  Property 'size' does not exist on type 'IntrinsicAttributes & TextProps'.
src/screens/jobSeeker/PublicUserProfileScreen.tsx(41,48): error TS2322: Type '{ children: string; color: string; size: string; }' is not assignable to type 'IntrinsicAttributes & TextProps'.
  Property 'size' does not exist on type 'IntrinsicAttributes & TextProps'.
src/screens/jobSeeker/PublicUserProfileScreen.tsx(44,21): error TS2322: Type '{ children: string; size: string; color: string; }' is not assignable to type 'IntrinsicAttributes & TextProps'.
  Property 'size' does not exist on type 'IntrinsicAttributes & TextProps'.
src/screens/jobSeeker/PublicUserProfileScreen.tsx(52,42): error TS2322: Type '{ children: string; color: string; weight: string; ml: number; }' is not assignable to type 'IntrinsicAttributes & TextProps'.
  Property 'weight' does not exist on type 'IntrinsicAttributes & TextProps'. Did you mean 'height'?
src/screens/jobSeeker/PublicUserProfileScreen.tsx(55,44): error TS2322: Type '{ children: string; color: string; weight: string; }' is not assignable to type 'IntrinsicAttributes & TextProps'.
  Property 'weight' does not exist on type 'IntrinsicAttributes & TextProps'. Did you mean 'height'?
src/screens/jobSeeker/PublicUserProfileScreen.tsx(61,19): error TS2322: Type '{ children: string; size: string; weight: string; }' is not assignable to type 'IntrinsicAttributes & TextProps'.
  Property 'size' does not exist on type 'IntrinsicAttributes & TextProps'.
src/screens/jobSeeker/PublicUserProfileScreen.tsx(67,19): error TS2322: Type '{ children: string; size: string; weight: string; }' is not assignable to type 'IntrinsicAttributes & TextProps'.
  Property 'size' does not exist on type 'IntrinsicAttributes & TextProps'.
src/screens/jobSeeker/PublicUserProfileScreen.tsx(70,62): error TS2322: Type 'string' is not assignable to type 'number'.
src/screens/jobSeeker/PublicUserProfileScreen.tsx(70,77): error TS2322: Type 'string' is not assignable to type 'number'.
src/screens/jobSeeker/PublicUserProfileScreen.tsx(71,25): error TS2322: Type '{ children: string; size: string; color: string; }' is not assignable to type 'IntrinsicAttributes & TextProps'.
  Property 'size' does not exist on type 'IntrinsicAttributes & TextProps'.
src/screens/jobSeeker/PublicUserProfileScreen.tsx(79,19): error TS2322: Type '{ children: string; size: string; weight: string; }' is not assignable to type 'IntrinsicAttributes & TextProps'.
  Property 'size' does not exist on type 'IntrinsicAttributes & TextProps'.
src/screens/jobSeeker/PublicUserProfileScreen.tsx(82,44): error TS2322: Type 'string' is not assignable to type 'number'.
src/screens/jobSeeker/PublicUserProfileScreen.tsx(86,25): error TS2322: Type '{ children: string; weight: string; }' is not assignable to type 'IntrinsicAttributes & TextProps'.
  Property 'weight' does not exist on type 'IntrinsicAttributes & TextProps'. Did you mean 'height'?
src/screens/jobSeeker/PublicUserProfileScreen.tsx(87,54): error TS2322: Type '{ children: string[]; color: string; size: string; }' is not assignable to type 'IntrinsicAttributes & TextProps'.
  Property 'size' does not exist on type 'IntrinsicAttributes & TextProps'.
